\BOOKMARK [1][-]{section.1}{\376\377\000G\000i\036\333\000i\000\040\000t\000h\000i\036\307\000u}{}% 1
\BOOKMARK [1][-]{section.2}{\376\377\000M\036\345\000c\000\040\000t\000i\000\352\000u\000\040\000n\000g\000h\000i\000\352\000n\000\040\000c\036\351\000u}{}% 2
\BOOKMARK [1][-]{section.3}{\376\377\000C\001\241\000\040\000s\036\337\000\040\000l\000\375\000\040\000t\000h\000u\000y\036\277\000t}{}% 3
\BOOKMARK [2][-]{subsection.3.1}{\376\377\000B\000\340\000i\000\040\000t\000o\000\341\000n\000\040\000P\000h\000\342\000n\000\040\001\021\000o\036\241\000n\000\040\036\243\000n\000h\000\040\000Y\000\040\000t\036\277\000\040\000\050\000M\000e\000d\000i\000c\000a\000l\000\040\000I\000m\000a\000g\000e\000\040\000S\000e\000g\000m\000e\000n\000t\000a\000t\000i\000o\000n\000\051}{section.3}% 4
\BOOKMARK [2][-]{subsection.3.2}{\376\377\000C\000\341\000c\000\040\000C\000h\036\311\000\040\000s\036\321\000\040\001\020\000\341\000n\000h\000\040\000g\000i\000\341\000\040\000\050\000E\000v\000a\000l\000u\000a\000t\000i\000o\000n\000\040\000M\000e\000t\000r\000i\000c\000s\000\051}{section.3}% 5
\BOOKMARK [2][-]{subsection.3.3}{\376\377\000M\000\364\000\040\000h\000\354\000n\000h\000\040\000n\036\301\000n\000\040\000t\036\243\000n\000g\000\040\000S\000e\000g\000m\000e\000n\000t\000\040\000A\000n\000y\000t\000h\000i\000n\000g\000\040\000M\000o\000d\000e\000l\000\040\000\050\000S\000A\000M\000\051}{section.3}% 6
\BOOKMARK [2][-]{subsection.3.4}{\376\377\000C\001\241\000\040\000c\000h\036\277\000\040\000c\000h\000u\000y\036\303\000n\000\040\001\021\036\325\000i\000\040\000V\000i\000s\000u\000a\000l\000\040\000A\000t\000t\000e\000n\000t\000i\000o\000n\000\040\000M\000a\000p\000\040\000t\000h\000\340\000n\000h\000\040\000P\000r\000o\000m\000p\000t\000\040\000d\036\253\000n\000\040\001\021\001\260\036\335\000n\000g\000\040\000t\036\361\000\040\001\021\036\331\000n\000g\000\040\000c\000h\000o\000\040\000S\000A\000M}{section.3}% 7
\BOOKMARK [1][-]{section.4}{\376\377\000K\000i\036\277\000n\000\040\000t\000r\000\372\000c\000\040\000M\000e\000d\000C\000L\000I\000P\000-\000S\000A\000M\000v\0002}{}% 8
\BOOKMARK [2][-]{subsection.4.1}{\376\377\000C\000\341\000c\000\040\000t\000h\000\340\000n\000h\000\040\000p\000h\036\247\000n\000\040\000c\000h\000\355\000n\000h\000\040\000t\000r\000o\000n\000g\000\040\000P\000i\000p\000e\000l\000i\000n\000e}{section.4}% 9
\BOOKMARK [2][-]{subsection.4.2}{\376\377\000H\000\340\000m\000\040\000m\036\245\000t\000\040\000m\000\341\000t\000\040\000c\036\243\000i\000\040\000t\000i\036\277\000n\000\040\000D\000H\000N\000-\000N\000C\000E}{section.4}% 10
\BOOKMARK [1][-]{section.5}{\376\377\000M\000\364\000i\000\040\000t\000r\001\260\036\335\000n\000g\000\040\000t\000h\036\361\000c\000\040\000n\000g\000h\000i\036\307\000m}{}% 11
\BOOKMARK [2][-]{subsection.5.1}{\376\377\000C\036\245\000u\000\040\000h\000\354\000n\000h\000\040\000p\000h\036\247\000n\000\040\000c\036\351\000n\000g}{section.5}% 12
\BOOKMARK [2][-]{subsection.5.2}{\376\377\000M\000\364\000i\000\040\000t\000r\001\260\036\335\000n\000g\000\040\000p\000h\036\247\000n\000\040\000m\036\301\000m}{section.5}% 13
\BOOKMARK [2][-]{subsection.5.3}{\376\377\000T\000h\000i\036\277\000t\000\040\000l\036\255\000p\000\040\000h\000u\036\245\000n\000\040\000l\000u\000y\036\307\000n}{section.5}% 14
\BOOKMARK [1][-]{section.6}{\376\377\000T\036\255\000p\000\040\000d\036\357\000\040\000l\000i\036\307\000u\000\040\000\050\000D\000a\000t\000a\000s\000e\000t\000\051}{}% 15
\BOOKMARK [1][-]{section.7}{\376\377\000Q\000u\000y\000\040\000t\000r\000\354\000n\000h\000\040\000t\000h\036\361\000c\000\040\000n\000g\000h\000i\036\307\000m}{}% 16
\BOOKMARK [1][-]{section.8}{\376\377\000K\036\277\000t\000\040\000q\000u\036\243\000\040\000t\000h\036\361\000c\000\040\000n\000g\000h\000i\036\307\000m}{}% 17
\BOOKMARK [1][-]{section.9}{\376\377\000H\036\241\000n\000\040\000c\000h\036\277}{}% 18
\BOOKMARK [1][-]{section.10}{\376\377\001\020\036\301\000\040\000x\000u\036\245\000t\000\040\000c\036\243\000i\000\040\000t\000i\036\277\000n}{}% 19
\BOOKMARK [2][-]{subsection.10.1}{\376\377\000T\000i\000n\000h\000\040\000c\000h\036\311\000n\000h\000\040\000B\000o\000u\000n\000d\000i\000n\000g\000\040\000B\000o\000x\000\040\000t\000h\000e\000o\000\040\000h\001\260\036\333\000n\000g\000\040\000P\000P\000B\000o\000o\000s\000t\000\040\000c\000h\000o\000\040\000M\000e\000d\000C\000L\000I\000P\000-\000S\000A\000M\000v\0002}{section.10}% 20
\BOOKMARK [1][-]{section.11}{\376\377\000K\036\277\000t\000\040\000l\000u\036\255\000n}{}% 21
\BOOKMARK [1][-]{section*.6}{\376\377\000T\000\340\000i\000\040\000l\000i\036\307\000u}{}% 22
